.next/dev/types/validator.ts(80,39): error TS2307: Cannot find module '../../../app/test/page.js' or its corresponding type declarations.
